// Jest Snapshot v1, https://goo.gl/fbAQLP

exports[`_saveQuestion HomePage should match snapshot 1`] = `
<DocumentFragment>
  <p>
    Loading...
  </p>
</DocumentFragment>
`;
